<html>
<body>
<pre>
<h1>µVision Build Log</h1>
<h2>Tool Versions:</h2>
IDE-Version: µVision V5.39.0.0
Copyright (C) 2023 ARM Ltd and ARM Germany GmbH. All rights reserved.
License Information: nn kostyakov0203@mail.ru, n, LIC=----
 
Tool Versions:
Toolchain:       MDK-Lite  Version: 5.39.0.0
Toolchain Path:  D:\Keil\ARM\ARMCLANG\Bin
C Compiler:      ArmClang.exe V6.21
Assembler:       Armasm.exe V6.21
Linker/Locator:  ArmLink.exe V6.21
Library Manager: ArmAr.exe V6.21
Hex Converter:   FromElf.exe V6.21
CPU DLL:         SARMCM3.DLL V5.39.0.0
Dialog DLL:      DCM.DLL V1.17.5.0
Target DLL:      STLink\ST-LINKIII-KEIL_SWO.dll V3.2.0.0
Dialog DLL:      TCM.DLL V1.56.4.0
 
<h2>Project:</h2>
C:\Users\kosty\GitProjects\Vyzovskoe3-4\6 ñåì\Âñòðîéêà\2.uvprojx
Project File Date:  03/12/2024

<h2>Output:</h2>
*** Using Compiler 'V6.21', folder: 'D:\Keil\ARM\ARMCLANG\Bin'
Build target 'laba1'
main.c(3): warning: unused variable 'a1' [-Wunused-variable]
    3 | volatile unsigned char a1 = 0x35;
      |                        ^~
main.c(4): warning: unused variable 'b1' [-Wunused-variable]
    4 |     volatile unsigned char b1 = 0x35;
      |                            ^~
main.c(5): warning: unused variable 'c1' [-Wunused-variable]
    5 |     volatile unsigned char c1 = 0x35;
      |                            ^~
main.c(6): warning: unused variable 'd1' [-Wunused-variable]
    6 |     volatile unsigned char d1 = 0x35;
      |                            ^~
main.c(8): warning: unused variable 'a2' [-Wunused-variable]
    8 |     volatile unsigned short a2 = 0x3535;
      |                             ^~
main.c(9): warning: unused variable 'b2' [-Wunused-variable]
    9 |     volatile unsigned short b2 = 0x3535;
      |                             ^~
main.c(10): warning: unused variable 'c2' [-Wunused-variable]
   10 |     volatile unsigned short c2 = 0x3535;
      |                             ^~
main.c(11): warning: unused variable 'd2' [-Wunused-variable]
   11 |     volatile unsigned short d2 = 0x3535;
      |                             ^~
main.c(13): warning: unused variable 'a4' [-Wunused-variable]
   13 |     volatile unsigned int a4 = 0x35353535;
      |                           ^~
main.c(14): warning: unused variable 'b4' [-Wunused-variable]
   14 |     volatile unsigned int b4 = 0x35353535;
      |                           ^~
main.c(15): warning: unused variable 'c4' [-Wunused-variable]
   15 |     volatile unsigned int c4 = 0x35353535;
      |                           ^~
main.c(16): warning: unused variable 'd4' [-Wunused-variable]
   16 |     volatile unsigned int d4 = 0x35353535;
      |                           ^~
main.c(18): warning: unused variable 'a8' [-Wunused-variable]
   18 |     volatile unsigned long long a8 = 0x3535353535353535;
      |                                 ^~
main.c(19): warning: unused variable 'b8' [-Wunused-variable]
   19 |     volatile unsigned long long b8 = 0x3535353535353535;
      |                                 ^~
main.c(20): warning: unused variable 'c8' [-Wunused-variable]
   20 |     volatile unsigned long long c8 = 0x3535353535353535;
      |                                 ^~
main.c(21): warning: unused variable 'd8' [-Wunused-variable]
   21 |     volatile unsigned long long d8 = 0x3535353535353535;
      |                                 ^~
main.c(23): warning: unused variable 'name1' [-Wunused-variable]
   23 |     volatile char name1[] = "Nikita";
      |                   ^~~~~
main.c(24): warning: unused variable 'name2' [-Wunused-variable]
   24 |     volatile char name2[] = "Kostyakov";
      |                   ^~~~~
main.c(25): warning: unused variable 'name3' [-Wunused-variable]
   25 |     volatile char name3[] = "4134k";
      |                   ^~~~~
main.c(29): warning: 'return' will never be executed [-Wunreachable-code-return]
   29 | return 0; }
      |        ^
20 warnings generated.
compiling main.c...
"asm.s", line 28: Warning: A1447W: Missing END directive at end of file, but found a label named END
   28 00000004 
0 Errors, 1 Warning
assembling asm.s...
linking...
Program Size: Code=392 RO-data=48 RW-data=0 ZI-data=768  
".\Objects\2.axf" - 0 Error(s), 20 Warning(s).

<h2>Software Packages used:</h2>

Package Vendor: Keil
                http://www.keil.com/pack/Keil.STM32F3xx_DFP.2.2.2.pack
                Keil::STM32F3xx_DFP@2.2.2
                STMicroelectronics STM32F3 Series Device Support and Examples

<h2>Collection of Component include folders:</h2>
  C:/Users/kosty/AppData/Local/Arm/Packs/Keil/STM32F3xx_DFP/2.2.2/Drivers/CMSIS/Device/ST/STM32F3xx/Include

<h2>Collection of Component Files used:</h2>
Build Time Elapsed:  00:00:00
</pre>
</body>
</html>
